// Jest Snapshot v1, https://goo.gl/fbAQLP

exports[`Accordian Component: should render 1`] = `
<div>
  <span
    style="font-size: 2rem;"
  >
    Hello World
  </span>
</div>
`;
